../drivers/fsl_clock.h:1546:24:CLOCK_GetOscFreq	4	static
../drivers/fsl_clock.h:1653:24:CLOCK_GetRtcFreq	4	static
../drivers/fsl_clock.h:1751:20:CLOCK_IsPllBypassed	16	static
../drivers/fsl_clock.h:1765:20:CLOCK_IsPllEnabled	16	static
../drivers/fsl_clock.h:1791:24:CLOCK_GetPllBypassRefClk	16	static
../drivers/fsl_clock.c:86:17:CLOCK_GetPeriphClkFreq	16	static
../drivers/fsl_clock.c:152:17:CLOCK_GetPllUsb1SWFreq	16	static
../drivers/fsl_clock.c:190:6:CLOCK_InitExternalClk	16	static
../drivers/fsl_clock.c:214:6:CLOCK_DeinitExternalClk	4	static
../drivers/fsl_clock.c:226:6:CLOCK_SwitchOsc	16	static
../drivers/fsl_clock.c:241:6:CLOCK_InitRcOsc24M	4	static
../drivers/fsl_clock.c:249:6:CLOCK_DeinitRcOsc24M	4	static
../drivers/fsl_clock.c:259:10:CLOCK_GetAhbFreq	8	static
../drivers/fsl_clock.c:269:10:CLOCK_GetSemcFreq	16	static
../drivers/fsl_clock.c:303:10:CLOCK_GetIpgFreq	8	static
../drivers/fsl_clock.c:313:10:CLOCK_GetPerClkFreq	16	static
../drivers/fsl_clock.c:342:10:CLOCK_GetFreq	24	static
../drivers/fsl_clock.c:448:10:CLOCK_GetClockRootFreq	40	static
../drivers/fsl_clock.c:492:6:CLOCK_EnableUsbhs0Clock	24	static
../drivers/fsl_clock.c:519:6:CLOCK_EnableUsbhs1Clock	24	static
../drivers/fsl_clock.c:544:6:CLOCK_EnableUsbhs0PhyPllClock	16	static
../drivers/fsl_clock.c:568:6:CLOCK_DisableUsbhs0PhyPllClock	4	static
../drivers/fsl_clock.c:581:6:CLOCK_InitArmPll	16	static
../drivers/fsl_clock.c:602:6:CLOCK_DeinitArmPll	4	static
../drivers/fsl_clock.c:614:6:CLOCK_InitSysPll	16	static
../drivers/fsl_clock.c:644:6:CLOCK_DeinitSysPll	4	static
../drivers/fsl_clock.c:656:6:CLOCK_InitUsb1Pll	16	static
../drivers/fsl_clock.c:677:6:CLOCK_DeinitUsb1Pll	4	static
../drivers/fsl_clock.c:689:6:CLOCK_InitUsb2Pll	16	static
../drivers/fsl_clock.c:710:6:CLOCK_DeinitUsb2Pll	4	static
../drivers/fsl_clock.c:722:6:CLOCK_InitAudioPll	24	static
../drivers/fsl_clock.c:797:6:CLOCK_DeinitAudioPll	4	static
../drivers/fsl_clock.c:809:6:CLOCK_InitVideoPll	24	static
../drivers/fsl_clock.c:883:6:CLOCK_DeinitVideoPll	4	static
../drivers/fsl_clock.c:895:6:CLOCK_InitEnetPll	24	static
../drivers/fsl_clock.c:937:6:CLOCK_DeinitEnetPll	4	static
../drivers/fsl_clock.c:950:10:CLOCK_GetPllFreq	128	static
../drivers/fsl_clock.c:1174:6:CLOCK_InitSysPfd	24	static
../drivers/fsl_clock.c:1197:6:CLOCK_DeinitSysPfd	16	static
../drivers/fsl_clock.c:1210:6:CLOCK_IsSysPfdEnabled	16	static
../drivers/fsl_clock.c:1225:6:CLOCK_InitUsb1Pfd	24	static
../drivers/fsl_clock.c:1248:6:CLOCK_DeinitUsb1Pfd	16	static
../drivers/fsl_clock.c:1261:6:CLOCK_IsUsb1PfdEnabled	16	static
../drivers/fsl_clock.c:1274:10:CLOCK_GetSysPfdFreq	24	static
../drivers/fsl_clock.c:1313:10:CLOCK_GetUsb1PfdFreq	24	static
../drivers/fsl_clock.c:1353:6:CLOCK_EnableUsbhs1PhyPllClock	16	static
../drivers/fsl_clock.c:1371:6:CLOCK_DisableUsbhs1PhyPllClock	4	static
../drivers/fsl_clock.c:1383:6:CLOCK_SetClockOutput1	24	static
../drivers/fsl_clock.c:1407:6:CLOCK_SetClockOutput2	24	static
../drivers/fsl_clock.c:1431:10:CLOCK_GetClockOutCLKO1Freq	16	static
../drivers/fsl_clock.c:1492:10:CLOCK_GetClockOutClkO2Freq	16	static
