/root/Documents/MCUXpresso_11.8.1_1197/workspace/rt1060-evk-xpresso-baremetal-builtin/CMSIS/core_cm7.h:1911:22:__NVIC_EnableIRQ	16	static
../drivers/fsl_common_arm.h:210:20:_SDK_AtomicLocalClearAndSet4Byte	48	static
../drivers/fsl_clock.h:1496:20:CLOCK_ControlGate	32	static
../drivers/fsl_clock.h:1513:20:CLOCK_EnableClock	16	static
../drivers/fsl_clock.h:1523:20:CLOCK_DisableClock	16	static
../drivers/fsl_common_arm.h:514:24:EnableIRQ	24	static
../drivers/fsl_common_arm.h:732:24:DisableGlobalIRQ	16	static
../drivers/fsl_common_arm.h:758:20:EnableGlobalIRQ	24	static
../drivers/fsl_lpuart.h:355:20:LPUART_SoftwareReset	16	static
../drivers/fsl_lpuart.c:159:10:LPUART_GetInstance	24	static
../drivers/fsl_lpuart.c:194:8:LPUART_TransferGetRxRingBufferLength	32	static
../drivers/fsl_lpuart.c:215:13:LPUART_TransferIsRxRingBufferFull	24	static
../drivers/fsl_lpuart.c:232:13:LPUART_WriteNonBlocking	32	static
../drivers/fsl_lpuart.c:246:13:LPUART_ReadNonBlocking	40	static
../drivers/fsl_lpuart.c:300:10:LPUART_Init	56	static
../drivers/fsl_lpuart.c:524:6:LPUART_Deinit	24	static
../drivers/fsl_lpuart.c:588:6:LPUART_GetDefaultConfig	16	static
../drivers/fsl_lpuart.c:633:10:LPUART_SetBaudRate	56	static
../drivers/fsl_lpuart.c:733:6:LPUART_Enable9bitMode	24	static
../drivers/fsl_lpuart.c:767:6:LPUART_SendAddress	24	static
../drivers/fsl_lpuart.c:789:6:LPUART_EnableInterrupts	24	static
../drivers/fsl_lpuart.c:831:6:LPUART_DisableInterrupts	24	static
../drivers/fsl_lpuart.c:879:10:LPUART_GetEnabledInterrupts	24	static
../drivers/fsl_lpuart.c:917:10:LPUART_GetStatusFlags	24	static
../drivers/fsl_lpuart.c:950:10:LPUART_ClearStatusFlags	24	static
../drivers/fsl_lpuart.c:1000:10:LPUART_WriteBlocking	32	static
../drivers/fsl_lpuart.c:1065:10:LPUART_ReadBlocking	48	static
../drivers/fsl_lpuart.c:1200:6:LPUART_TransferCreateHandle	40	static
../drivers/fsl_lpuart.c:1265:6:LPUART_TransferStartRingBuffer	32	static
../drivers/fsl_lpuart.c:1294:6:LPUART_TransferStopRingBuffer	24	static
../drivers/fsl_lpuart.c:1332:10:LPUART_TransferSendNonBlocking	32	static
../drivers/fsl_lpuart.c:1375:6:LPUART_TransferAbortSend	24	static
../drivers/fsl_lpuart.c:1400:10:LPUART_TransferGetSendCount	32	static
../drivers/fsl_lpuart.c:1458:10:LPUART_TransferReceiveNonBlocking	56	static
../drivers/fsl_lpuart.c:1597:6:LPUART_TransferAbortReceive	24	static
../drivers/fsl_lpuart.c:1628:10:LPUART_TransferGetReceiveCount	32	static
../drivers/fsl_lpuart.c:1648:13:LPUART_TransferHandleIDLEReady	32	static
../drivers/fsl_lpuart.c:1701:13:LPUART_TransferHandleReceiveDataFull	40	static
../drivers/fsl_lpuart.c:1814:13:LPUART_TransferHandleSendDataEmpty	24	static
../drivers/fsl_lpuart.c:1854:13:LPUART_TransferHandleTransmissionComplete	32	static
../drivers/fsl_lpuart.c:1882:6:LPUART_TransferHandleIRQ	40	static
../drivers/fsl_lpuart.c:1940:6:LPUART_TransferHandleErrorIRQ	16	static
../drivers/fsl_lpuart.c:2035:6:LPUART1_DriverIRQHandler	8	static
../drivers/fsl_lpuart.c:2060:6:LPUART2_DriverIRQHandler	8	static
../drivers/fsl_lpuart.c:2084:6:LPUART3_DriverIRQHandler	8	static
../drivers/fsl_lpuart.c:2108:6:LPUART4_DriverIRQHandler	8	static
../drivers/fsl_lpuart.c:2132:6:LPUART5_DriverIRQHandler	8	static
../drivers/fsl_lpuart.c:2156:6:LPUART6_DriverIRQHandler	8	static
../drivers/fsl_lpuart.c:2180:6:LPUART7_DriverIRQHandler	8	static
../drivers/fsl_lpuart.c:2204:6:LPUART8_DriverIRQHandler	8	static
