../drivers/fsl_common_arm.h:210:20:_SDK_AtomicLocalClearAndSet4Byte	48	static
../drivers/fsl_clock.h:1496:20:CLOCK_ControlGate	32	static
../drivers/fsl_clock.h:1513:20:CLOCK_EnableClock	16	static
../drivers/fsl_clock.h:1523:20:CLOCK_DisableClock	16	static
../drivers/fsl_trng.c:1287:17:trng_GetInstance	24	static
../drivers/fsl_trng.c:1349:10:TRNG_GetDefaultConfig	24	static
../drivers/fsl_trng.c:1414:17:trng_SetRetryCount	24	static
../drivers/fsl_trng.c:1436:17:trng_SetMonobitLimit	32	static
../drivers/fsl_trng.c:1461:17:trng_SetRunBit1Limit	32	static
../drivers/fsl_trng.c:1485:17:trng_SetRunBit2Limit	32	static
../drivers/fsl_trng.c:1509:17:trng_SetRunBit3Limit	32	static
../drivers/fsl_trng.c:1532:17:trng_SetRunBit4Limit	32	static
../drivers/fsl_trng.c:1557:17:trng_SetRunBit5Limit	32	static
../drivers/fsl_trng.c:1582:17:trng_SetRunBit6Limit	32	static
../drivers/fsl_trng.c:1607:17:trng_SetPokerMaxLimit	32	static
../drivers/fsl_trng.c:1632:17:trng_SetFrequencyCountMaxLimit	32	static
../drivers/fsl_trng.c:1657:17:trng_SetStatisticalCheckLimit	32	static
../drivers/fsl_trng.c:1730:17:trng_ApplyUserConfig	24	static
../drivers/fsl_trng.c:1821:17:trng_ReadEntropy	24	static
../drivers/fsl_trng.c:1851:10:TRNG_Init	24	static
../drivers/fsl_trng.c:1912:6:TRNG_Deinit	16	static
../drivers/fsl_trng.c:1947:10:TRNG_GetRandomData	64	static
