../utilities/fsl_str.c:102:17:PrintGetWidth	24	static
../utilities/fsl_str.c:131:17:PrintGetPrecision	40	static
../utilities/fsl_str.c:188:17:PrintIsobpu	24	static
../utilities/fsl_str.c:198:17:PrintIsdi	24	static
../utilities/fsl_str.c:208:13:PrintOutputdifFobpu	32	static
../utilities/fsl_str.c:261:13:PrintOutputxX	32	static
../utilities/fsl_str.c:322:17:PrintIsfF	24	static
../utilities/fsl_str.c:332:17:PrintIsxX	24	static
../utilities/fsl_str.c:441:13:PrintFilterLengthFlag	24	static
../utilities/fsl_str.c:455:16:PrintGetRadixFromobpu	24	static
../utilities/fsl_str.c:478:17:ScanIsWhiteSpace	24	static
../utilities/fsl_str.c:488:17:ScanIgnoreWhiteSpace	24	static
../utilities/fsl_str.c:503:16:ConvertRadixNumToString	64	static
../utilities/fsl_str.c:768:5:StrFormatPrintf	144	static
../utilities/fsl_str.c:1060:16:StrFormatScanIsFormatStarting	24	static
../utilities/fsl_str.c:1079:16:StrFormatScanGetBase	16	static
../utilities/fsl_str.c:1102:16:StrFormatScanCheckSymbol	24	static
../utilities/fsl_str.c:1123:16:StrFormatScanFillInteger	24	static
../utilities/fsl_str.c:1224:16:StrFormatScanfStringHandling	40	static
../utilities/fsl_str.c:1393:5:StrFormatScanf	88	static
