../source/mongoose.c:5626:14:mg_ota_boot	4	static
../source/mongoose.c:27:12:mg_base64_encode_single	16	static
../source/mongoose.c:39:12:mg_base64_decode_single	16	static
../source/mongoose.c:57:8:mg_base64_update	32	static
../source/mongoose.c:73:8:mg_base64_final	24	static
../source/mongoose.c:84:8:mg_base64_encode	32	static
../source/mongoose.c:93:8:mg_base64_decode	48	static
../source/mongoose.c:207:7:mg_flash_start	4	static
../source/mongoose.c:210:8:mg_flash_size	4	static
../source/mongoose.c:213:8:mg_flash_sector_size	4	static
../source/mongoose.c:216:8:mg_flash_write_align	4	static
../source/mongoose.c:219:5:mg_flash_bank	4	static
../source/mongoose.c:222:6:mg_flash_erase	16	static
../source/mongoose.c:226:6:mg_flash_swap_bank	4	static
../source/mongoose.c:229:6:mg_flash_write	24	static
../source/mongoose.c:233:6:mg_device_reset	4	static
../source/mongoose.c:402:6:mg_flash_save	24	static
../source/mongoose.c:406:6:mg_flash_load	24	static
../source/mongoose.c:737:13:mg_dns_free	24	static
../source/mongoose.c:742:6:mg_resolve_cancel	32	static
../source/mongoose.c:751:15:mg_dns_parse_name_depth	56	static
../source/mongoose.c:788:15:mg_dns_parse_name	40	static
../source/mongoose.c:793:8:mg_dns_parse_rr	40	static
../source/mongoose.c:817:6:mg_dns_parse	56	static
../source/mongoose.c:855:13:dns_cb	344	static
../source/mongoose.c:913:13:mg_dns_send	312	static
../source/mongoose.c:940:13:mg_sendnsreq	56	static
../source/mongoose.c:972:6:mg_resolve	40	static
../source/mongoose.c:994:6:mg_call	32	static
../source/mongoose.c:1013:6:mg_error	92	static
../source/mongoose.c:1031:13:is_digit	16	static
../source/mongoose.c:1035:12:addexp	32	static
../source/mongoose.c:1047:12:xisinf	24	static
../source/mongoose.c:1056:12:xisnan	24	static
../source/mongoose.c:1066:15:mg_dtoa	136	static
../source/mongoose.c:1125:15:mg_lld	64	static
../source/mongoose.c:1147:15:scpy	32	static
../source/mongoose.c:1154:8:mg_xprintf	24	static
../source/mongoose.c:1163:8:mg_vxprintf	176	static
../source/mongoose.c:1257:15:mg_fs_open	32	static
../source/mongoose.c:1270:6:mg_fs_close	16	static
../source/mongoose.c:1277:7:mg_file_read	40	static
../source/mongoose.c:1298:6:mg_file_write	144	static
../source/mongoose.c:1317:6:mg_file_printf	32	static
../source/mongoose.c:1487:15:mg_unpacked	24	static
../source/mongoose.c:1493:12:is_dir_prefix	24	static
../source/mongoose.c:1499:12:packed_stat	40	static
../source/mongoose.c:1510:13:packed_list	256	static
../source/mongoose.c:1531:14:packed_open	32	static
../source/mongoose.c:1544:13:packed_close	16	static
../source/mongoose.c:1548:15:packed_read	32	static
../source/mongoose.c:1556:15:packed_write	24	static
../source/mongoose.c:1561:15:packed_seek	24	static
../source/mongoose.c:1568:13:packed_rename	16	static
../source/mongoose.c:1573:13:packed_remove	16	static
../source/mongoose.c:1578:13:packed_mkdir	16	static
../source/mongoose.c:1602:12:p_stat	112	static
../source/mongoose.c:1743:13:p_list	24	static
../source/mongoose.c:1759:14:p_open	24	static
../source/mongoose.c:1772:13:p_close	16	static
../source/mongoose.c:1776:15:p_read	24	static
../source/mongoose.c:1780:15:p_write	24	static
../source/mongoose.c:1784:15:p_seek	16	static
../source/mongoose.c:1795:13:p_rename	16	static
../source/mongoose.c:1799:13:p_remove	16	static
../source/mongoose.c:1803:13:p_mkdir	16	static
../source/mongoose.c:1870:6:mg_to_size_t	48	static
../source/mongoose.c:1904:8:mg_http_next_multipart	112	static
../source/mongoose.c:1944:6:mg_http_bauth	56	static
../source/mongoose.c:1970:15:mg_http_var	48	static
../source/mongoose.c:1981:5:mg_http_get_var	56	static
../source/mongoose.c:2001:13:isx	16	static
../source/mongoose.c:2006:5:mg_url_decode	32	static
../source/mongoose.c:2028:13:isok	16	static
../source/mongoose.c:2032:5:mg_http_get_request_len	24	static
../source/mongoose.c:2042:16:mg_http_get_header	40	static
../source/mongoose.c:2052:13:vcb	16	static
../source/mongoose.c:2057:15:clen	32	static
../source/mongoose.c:2069:20:skiptorn	24	static
../source/mongoose.c:2078:13:mg_http_parse_headers	48	static
../source/mongoose.c:2100:5:mg_http_parse	48	static
../source/mongoose.c:2173:13:mg_http_vprintf_chunk	32	static
../source/mongoose.c:2186:6:mg_http_printf_chunk	28	static
../source/mongoose.c:2193:6:mg_http_write_chunk	24	static
../source/mongoose.c:2201:20:mg_http_status_code_str	16	static
../source/mongoose.c:2271:6:mg_http_reply	52	static
../source/mongoose.c:2290:13:restore_http_cb	16	static
../source/mongoose.c:2298:7:mg_http_etag	48	static
../source/mongoose.c:2303:13:static_cb	48	static
../source/mongoose.c:2362:22:guess_content_type	64	static
../source/mongoose.c:2384:12:getrange	48	static
../source/mongoose.c:2400:6:mg_http_serve_file	480	static
../source/mongoose.c:2606:12:uri_to_path2	56	static
../source/mongoose.c:2665:12:uri_to_path	112	static
../source/mongoose.c:2679:6:mg_http_serve_dir	152	static
../source/mongoose.c:2700:13:mg_is_url_safe	16	static
../source/mongoose.c:2705:8:mg_url_encode	40	static
../source/mongoose.c:2723:6:mg_http_creds	328	static
../source/mongoose.c:2745:22:stripquotes	24	static
../source/mongoose.c:2751:15:mg_http_get_header_var	56	static
../source/mongoose.c:2768:6:mg_http_match_uri	32	static
../source/mongoose.c:2772:6:mg_http_upload	72	static
../source/mongoose.c:2808:5:mg_http_status	16	static
../source/mongoose.c:2812:13:is_hex_digit	16	static
../source/mongoose.c:2817:12:skip_chunk	32	static
../source/mongoose.c:2831:13:http_cb	616	static
../source/mongoose.c:2896:13:mg_hfn	40	static
../source/mongoose.c:2915:6:mg_hello	96	static
../source/mongoose.c:2924:23:mg_http_connect	32	static
../source/mongoose.c:2931:23:mg_http_listen	32	static
../source/mongoose.c:2946:15:roundup	16	static
../source/mongoose.c:2950:5:mg_iobuf_resize	56	static
../source/mongoose.c:2977:5:mg_iobuf_init	24	static
../source/mongoose.c:2984:8:mg_iobuf_add	32	static
../source/mongoose.c:2996:8:mg_iobuf_del	24	static
../source/mongoose.c:3005:6:mg_iobuf_free	16	static
../source/mongoose.c:3016:20:escapeseq	16	static
../source/mongoose.c:3020:13:json_esc	32	static
../source/mongoose.c:3028:12:mg_pass_string	24	static
../source/mongoose.c:3042:15:mg_atod	72	static
../source/mongoose.c:3089:8:mg_json_next	64	static
../source/mongoose.c:3137:5:mg_json_get	120	static
../source/mongoose.c:3280:6:mg_json_get_num	48	static
../source/mongoose.c:3290:6:mg_json_get_bool	40	static
../source/mongoose.c:3299:6:mg_json_unescape	48	static
../source/mongoose.c:3324:7:mg_json_get_str	48	static
../source/mongoose.c:3338:7:mg_json_get_b64	48	static
../source/mongoose.c:3350:7:mg_json_get_hex	48	static
../source/mongoose.c:3362:6:mg_json_get_long	48	static
../source/mongoose.c:3381:6:mg_log_set_fn	16	static
../source/mongoose.c:3386:13:logc	16	static
../source/mongoose.c:3390:13:logs	24	static
../source/mongoose.c:3398:6:mg_log_prefix	112	static
../source/mongoose.c:3410:6:mg_log	16	static
../source/mongoose.c:3419:22:nibble	16	static
../source/mongoose.c:3424:6:mg_hexdump	48	static
../source/mongoose.c:3467:13:mg_byte_reverse	24	static
../source/mongoose.c:3492:6:mg_md5_init	16	static
../source/mongoose.c:3502:13:mg_md5_transform	32	static
../source/mongoose.c:3584:6:mg_md5_update	32	static
../source/mongoose.c:3619:6:mg_md5_final	32	static
../source/mongoose.c:3701:6:mg_mqtt_send_header	40	static
../source/mongoose.c:3714:13:mg_send_u16	16	static
../source/mongoose.c:3718:13:mg_send_u32	16	static
../source/mongoose.c:3722:16:varint_size	24	static
../source/mongoose.c:3731:15:encode_varint	24	static
../source/mongoose.c:3744:15:decode_varint	40	static
../source/mongoose.c:3759:12:mqtt_prop_type_by_id	24	static
../source/mongoose.c:3769:15:get_properties_length	24	static
../source/mongoose.c:3806:15:get_props_size	24	static
../source/mongoose.c:3812:13:mg_send_mqtt_properties	48	static
../source/mongoose.c:3854:8:mg_mqtt_next_prop	40	static
../source/mongoose.c:3908:6:mg_mqtt_login	72	static
../source/mongoose.c:3974:6:mg_mqtt_pub	40	static
../source/mongoose.c:3996:6:mg_mqtt_sub	32	static
../source/mongoose.c:4011:5:mg_mqtt_parse	48	static
../source/mongoose.c:4081:13:mqtt_cb	112	static
../source/mongoose.c:4153:6:mg_mqtt_ping	16	static
../source/mongoose.c:4157:6:mg_mqtt_pong	16	static
../source/mongoose.c:4161:6:mg_mqtt_disconnect	24	static
../source/mongoose.c:4174:23:mg_mqtt_connect	96	static
../source/mongoose.c:4187:23:mg_mqtt_listen	32	static
../source/mongoose.c:4206:8:mg_vprintf	32	static
../source/mongoose.c:4212:8:mg_printf	28	static
../source/mongoose.c:4221:13:mg_atonl	32	static
../source/mongoose.c:4229:13:mg_atone	24	static
../source/mongoose.c:4236:13:mg_aton4	40	static
../source/mongoose.c:4257:13:mg_v4mapped	40	static
../source/mongoose.c:4275:13:mg_aton6	48	static
../source/mongoose.c:4320:6:mg_aton	24	static
../source/mongoose.c:4326:23:mg_alloc_conn	24	static
../source/mongoose.c:4338:6:mg_close_conn	24	static
../source/mongoose.c:4358:23:mg_connect	32	static
../source/mongoose.c:4379:23:mg_listen	32	static
../source/mongoose.c:4402:23:mg_wrapfd	32	static
../source/mongoose.c:4416:18:mg_timer_add	48	static
../source/mongoose.c:4426:6:mg_io_recv	24	static
../source/mongoose.c:4434:6:mg_mgr_free	32	static
../source/mongoose.c:4451:6:mg_mgr_init	16	static
../source/mongoose.c:4619:13:mkpay	32	static
../source/mongoose.c:4624:17:csumup	32	static
../source/mongoose.c:4630:17:csumfin	16	static
../source/mongoose.c:4635:17:ipcsum	24	static
../source/mongoose.c:4640:13:settmout	56	static
../source/mongoose.c:4653:15:ether_output	24	static
../source/mongoose.c:4659:13:arp_ask	24	static
../source/mongoose.c:4673:13:onstatechange	16	static
../source/mongoose.c:4687:19:tx_ip	32	static
../source/mongoose.c:4707:13:tx_udp	48	static
../source/mongoose.c:4729:13:tx_dhcp	320	static
../source/mongoose.c:4746:13:tx_dhcp_request_sel	80	static
../source/mongoose.c:4763:13:tx_dhcp_request_re	48	static
../source/mongoose.c:4773:13:tx_dhcp_discover	40	static
../source/mongoose.c:4783:30:getpeer	32	static
../source/mongoose.c:4798:13:rx_arp	48	static
../source/mongoose.c:4837:13:rx_icmp	48	static
../source/mongoose.c:4853:13:rx_dhcp_client	88	static
../source/mongoose.c:4902:13:rx_dhcp_server	368	static
../source/mongoose.c:4941:13:rx_udp	24	static
../source/mongoose.c:4963:15:tx_tcp	88	static
../source/mongoose.c:4993:15:tx_tcp_pkt	72	static
../source/mongoose.c:5002:30:accept_conn	32	static
../source/mongoose.c:5029:15:trim_len	48	static
../source/mongoose.c:5056:6:mg_io_send	80	static
../source/mongoose.c:5079:13:read_conn	96	static
../source/mongoose.c:5170:13:rx_tcp	48	static
../source/mongoose.c:5219:13:rx_ip	56	static
../source/mongoose.c:5262:13:rx_ip6	16	static
../source/mongoose.c:5278:13:mg_tcpip_rx	88	static
../source/mongoose.c:5322:13:mg_tcpip_poll	104	static
../source/mongoose.c:5409:6:mg_tcpip_qwrite	32	static
../source/mongoose.c:5420:6:mg_tcpip_init	24	static
../source/mongoose.c:5451:6:mg_tcpip_free	16	static
../source/mongoose.c:5456:13:send_syn	64	static
../source/mongoose.c:5466:6:mg_connect_resolved	48	static
../source/mongoose.c:5506:6:mg_open_listener	16	static
../source/mongoose.c:5511:13:write_conn	24	static
../source/mongoose.c:5522:13:init_closure	80	static
../source/mongoose.c:5536:13:close_conn	24	static
../source/mongoose.c:5542:13:can_write	16	static
../source/mongoose.c:5547:6:mg_mgr_poll	64	static
../source/mongoose.c:5567:6:mg_send	64	static
../source/mongoose.c:5593:6:mg_ota_begin	16	static
../source/mongoose.c:5597:6:mg_ota_write	16	static
../source/mongoose.c:5601:6:mg_ota_end	4	static
../source/mongoose.c:5604:6:mg_ota_commit	4	static
../source/mongoose.c:5607:6:mg_ota_rollback	4	static
../source/mongoose.c:5610:5:mg_ota_status	16	static
../source/mongoose.c:5614:10:mg_ota_crc32	16	static
../source/mongoose.c:5618:10:mg_ota_timestamp	16	static
../source/mongoose.c:5622:8:mg_ota_size	16	static
../source/mongoose.c:5840:8:mg_queue_vprintf	32	static
../source/mongoose.c:5852:8:mg_queue_printf	28	static
../source/mongoose.c:5861:13:mg_pfn_iobuf_private	24	static
../source/mongoose.c:5872:13:mg_putchar_iobuf_static	16	static
../source/mongoose.c:5876:6:mg_pfn_iobuf	16	static
../source/mongoose.c:5880:8:mg_vsnprintf	48	static
../source/mongoose.c:5887:8:mg_snprintf	24	static
../source/mongoose.c:5896:7:mg_vmprintf	32	static
../source/mongoose.c:5902:7:mg_mprintf	16	static
../source/mongoose.c:5911:6:mg_pfn_stdout	16	static
../source/mongoose.c:5916:15:print_ip4	40	static
../source/mongoose.c:5920:15:print_ip6	80	static
../source/mongoose.c:5927:8:mg_print_ip4	32	static
../source/mongoose.c:5932:8:mg_print_ip6	32	static
../source/mongoose.c:5937:8:mg_print_ip	32	static
../source/mongoose.c:5943:8:mg_print_ip_port	40	static
../source/mongoose.c:5948:8:mg_print_mac	64	static
../source/mongoose.c:5954:13:mg_esc	32	static
../source/mongoose.c:5962:13:mg_escape	16	static
../source/mongoose.c:5966:15:qcpy	40	static
../source/mongoose.c:5980:15:bcpy	48	static
../source/mongoose.c:5997:8:mg_print_hex	40	static
../source/mongoose.c:6008:8:mg_print_base64	32	static
../source/mongoose.c:6014:8:mg_print_esc	32	static
../source/mongoose.c:6050:6:mg_queue_init	24	static
../source/mongoose.c:6056:15:mg_queue_read_len	24	static
../source/mongoose.c:6064:13:mg_queue_write_len	24	static
../source/mongoose.c:6070:8:mg_queue_book	32	static
../source/mongoose.c:6083:8:mg_queue_next	24	static
../source/mongoose.c:6097:6:mg_queue_add	16	static
../source/mongoose.c:6104:6:mg_queue_del	16	static
../source/mongoose.c:6115:6:mg_rpc_add	48	static
../source/mongoose.c:6124:6:mg_rpc_del	24	static
../source/mongoose.c:6137:13:mg_rpc_call	40	static
../source/mongoose.c:6148:6:mg_rpc_process	48	static
../source/mongoose.c:6162:6:mg_rpc_vok	72	static
../source/mongoose.c:6172:6:mg_rpc_ok	28	static
../source/mongoose.c:6179:6:mg_rpc_verr	80	static
../source/mongoose.c:6192:6:mg_rpc_err	24	static
../source/mongoose.c:6199:15:print_methods	56	static
../source/mongoose.c:6210:6:mg_rpc_list	16	static
../source/mongoose.c:6229:17:blk0	16	static
../source/mongoose.c:6266:13:mg_sha1_transform	112	static
../source/mongoose.c:6373:6:mg_sha1_init	16	static
../source/mongoose.c:6382:6:mg_sha1_update	32	static
../source/mongoose.c:6402:6:mg_sha1_final	32	static
../source/mongoose.c:6452:6:mg_sha256_init	16	static
../source/mongoose.c:6465:13:mg_sha256_chunk	320	static
../source/mongoose.c:6507:6:mg_sha256_update	40	static
../source/mongoose.c:6521:6:mg_sha256_final	40	static
../source/mongoose.c:6560:6:mg_hmac_sha256	344	static
../source/mongoose.c:6602:16:gettimestamp	56	static
../source/mongoose.c:6608:9:mg_sntp_parse	144	static
../source/mongoose.c:6633:13:sntp_cb	40	static
../source/mongoose.c:6651:6:mg_sntp_request	96	static
../source/mongoose.c:6666:23:mg_sntp_connect	32	static
../source/mongoose.c:7490:6:mg_http_serve_ssi	24	static
../source/mongoose.c:7502:15:mg_str_s	24	static
../source/mongoose.c:7507:15:mg_str_n	32	static
../source/mongoose.c:7512:5:mg_lower	24	static
../source/mongoose.c:7518:5:mg_ncasecmp	40	static
../source/mongoose.c:7526:5:mg_casecmp	16	static
../source/mongoose.c:7530:5:mg_vcmp	32	static
../source/mongoose.c:7537:5:mg_vcasecmp	32	static
../source/mongoose.c:7544:15:mg_strdup	40	static
../source/mongoose.c:7558:5:mg_strcmp	40	static
../source/mongoose.c:7572:13:mg_strstr	40	static
../source/mongoose.c:7585:13:is_space	16	static
../source/mongoose.c:7589:15:mg_strstrip	24	static
../source/mongoose.c:7595:6:mg_match	40	static
../source/mongoose.c:7627:6:mg_globmatch	48	static
../source/mongoose.c:7631:15:mg_nce	32	static
../source/mongoose.c:7644:6:mg_split	80	static
../source/mongoose.c:7654:6:mg_commalist	24	static
../source/mongoose.c:7658:7:mg_hex	40	static
../source/mongoose.c:7670:22:mg_unhex_nimble	16	static
../source/mongoose.c:7676:15:mg_unhexn	24	static
../source/mongoose.c:7682:6:mg_unhex	32	static
../source/mongoose.c:7689:6:mg_path_is_sane	24	static
../source/mongoose.c:7707:6:mg_timer_init	24	static
../source/mongoose.c:7714:6:mg_timer_free	16	static
../source/mongoose.c:7720:6:mg_timer_expired	56	static
../source/mongoose.c:7728:6:mg_timer_poll	56	static
../source/mongoose.c:9642:6:mg_tls_init	16	static
../source/mongoose.c:9646:6:mg_tls_handshake	16	static
../source/mongoose.c:9649:6:mg_tls_free	16	static
../source/mongoose.c:9652:6:mg_tls_recv	24	static
../source/mongoose.c:9655:6:mg_tls_send	24	static
../source/mongoose.c:9658:8:mg_tls_pending	16	static
../source/mongoose.c:9662:6:mg_tls_ctx_init	16	static
../source/mongoose.c:9665:6:mg_tls_ctx_free	16	static
../source/mongoose.c:13331:5:mg_url_is_ssl	16	static
../source/mongoose.c:13337:19:urlparse	56	static
../source/mongoose.c:13365:15:mg_url_host	56	static
../source/mongoose.c:13374:13:mg_url_uri	48	static
../source/mongoose.c:13379:16:mg_url_port	48	static
../source/mongoose.c:13391:15:mg_url_user	64	static
../source/mongoose.c:13401:15:mg_url_pass	64	static
../source/mongoose.c:13418:6:mg_bzero	16	static
../source/mongoose.c:13445:7:mg_random_str	24	static
../source/mongoose.c:13458:10:mg_ntohl	24	static
../source/mongoose.c:13465:10:mg_ntohs	24	static
../source/mongoose.c:13471:10:mg_crc32	32	static
../source/mongoose.c:13486:12:isbyte	16	static
../source/mongoose.c:13490:12:parse_net	72	static
../source/mongoose.c:13504:5:mg_check_ip_acl	56	static
../source/mongoose.c:13591:8:mg_ws_vprintf	32	static
../source/mongoose.c:13599:8:mg_ws_printf	24	static
../source/mongoose.c:13608:13:ws_handshake	176	static
../source/mongoose.c:13634:17:be32	16	static
../source/mongoose.c:13639:15:ws_process	56	static
../source/mongoose.c:13669:15:mkhdr	48	static
../source/mongoose.c:13697:13:mg_ws_mask	32	static
../source/mongoose.c:13705:8:mg_ws_send	48	static
../source/mongoose.c:13716:13:mg_ws_client_handshake	560	static
../source/mongoose.c:13739:13:mg_ws_cb	72	static
../source/mongoose.c:13810:23:mg_ws_connect	112	static
../source/mongoose.c:13840:6:mg_ws_upgrade	40	static
../source/mongoose.c:13860:8:mg_ws_wrap	48	static
../source/mongoose.c:14047:17:enet_phy_read	16	static
../source/mongoose.c:14054:13:enet_phy_write	16	static
../source/mongoose.c:14061:17:enet_phy_id	24	static
../source/mongoose.c:14070:13:mg_tcpip_driver_imxrt_init	40	static
../source/mongoose.c:14138:15:mg_tcpip_driver_imxrt_tx	24	static
../source/mongoose.c:14161:13:mg_tcpip_driver_imxrt_up	48	static
../source/mongoose.c:14196:6:ENET_IRQHandler	24	static
../source/mongoose.c:15221:13:w5500_txn	32	static
../source/mongoose.c:15236:14:w5500_wn	32	static
../source/mongoose.c:15237:14:w5500_w1	24	static
../source/mongoose.c:15238:14:w5500_w2	40	static
../source/mongoose.c:15239:14:w5500_rn	32	static
../source/mongoose.c:15240:17:w5500_r1	32	static
../source/mongoose.c:15241:18:w5500_r2	32	static
../source/mongoose.c:15244:15:w5500_rx	48	static
../source/mongoose.c:15263:15:w5500_tx	48	static
../source/mongoose.c:15282:13:w5500_init	24	static
../source/mongoose.c:15296:13:w5500_up	24	static
