../source/net.c:32:10:mg_now	16	static
../source/net.c:36:5:ui_event_next	24	static
../source/net.c:54:13:sfn	56	static
../source/net.c:68:13:timer_sntp_fn	16	static
../source/net.c:73:21:authenticate	160	static
../source/net.c:100:13:handle_login	296	static
../source/net.c:109:13:handle_logout	272	static
../source/net.c:119:13:handle_debug	32	static
../source/net.c:125:15:print_int_arr	48	static
../source/net.c:134:13:handle_stats_get	136	static
../source/net.c:143:15:print_events	144	static
../source/net.c:162:13:handle_events_get	64	static
../source/net.c:169:13:handle_settings_set	96	static
../source/net.c:190:13:handle_settings_get	96	static
../source/net.c:199:13:handle_firmware_upload	168	static
../source/net.c:228:13:handle_firmware_commit	32	static
../source/net.c:233:13:handle_firmware_rollback	32	static
../source/net.c:238:15:print_status	120	static
../source/net.c:246:13:handle_firmware_status	32	static
../source/net.c:251:13:handle_device_reset	32	static
../source/net.c:256:13:handle_device_eraselast	32	static
../source/net.c:265:13:fn	120	static
../source/net.c:322:6:web_init	32	static
