../startup/startup_mimxrt1062.c:618:6:data_init	4	static
../startup/startup_mimxrt1062.c:627:6:bss_init	0	static
../startup/startup_mimxrt1062.c:652:6:ResetISR	0	static
../startup/startup_mimxrt1062.c:743:14:NMI_Handler	0	static
../startup/startup_mimxrt1062.c:747:14:HardFault_Handler	0	static
../startup/startup_mimxrt1062.c:751:14:MemManage_Handler	0	static
../startup/startup_mimxrt1062.c:755:14:BusFault_Handler	0	static
../startup/startup_mimxrt1062.c:759:14:UsageFault_Handler	0	static
../startup/startup_mimxrt1062.c:763:14:SVC_Handler	0	static
../startup/startup_mimxrt1062.c:767:14:DebugMon_Handler	0	static
../startup/startup_mimxrt1062.c:771:14:PendSV_Handler	0	static
../startup/startup_mimxrt1062.c:775:14:SysTick_Handler	0	static
../startup/startup_mimxrt1062.c:783:14:IntDefaultHandler	0	static
../startup/startup_mimxrt1062.c:793:11:DMA0_DMA16_IRQHandler	8	static
../startup/startup_mimxrt1062.c:797:11:DMA1_DMA17_IRQHandler	8	static
../startup/startup_mimxrt1062.c:801:11:DMA2_DMA18_IRQHandler	8	static
../startup/startup_mimxrt1062.c:805:11:DMA3_DMA19_IRQHandler	8	static
../startup/startup_mimxrt1062.c:809:11:DMA4_DMA20_IRQHandler	8	static
../startup/startup_mimxrt1062.c:813:11:DMA5_DMA21_IRQHandler	8	static
../startup/startup_mimxrt1062.c:817:11:DMA6_DMA22_IRQHandler	8	static
../startup/startup_mimxrt1062.c:821:11:DMA7_DMA23_IRQHandler	8	static
../startup/startup_mimxrt1062.c:825:11:DMA8_DMA24_IRQHandler	8	static
../startup/startup_mimxrt1062.c:829:11:DMA9_DMA25_IRQHandler	8	static
../startup/startup_mimxrt1062.c:833:11:DMA10_DMA26_IRQHandler	8	static
../startup/startup_mimxrt1062.c:837:11:DMA11_DMA27_IRQHandler	8	static
../startup/startup_mimxrt1062.c:841:11:DMA12_DMA28_IRQHandler	8	static
../startup/startup_mimxrt1062.c:845:11:DMA13_DMA29_IRQHandler	8	static
../startup/startup_mimxrt1062.c:849:11:DMA14_DMA30_IRQHandler	8	static
../startup/startup_mimxrt1062.c:853:11:DMA15_DMA31_IRQHandler	8	static
../startup/startup_mimxrt1062.c:857:11:DMA_ERROR_IRQHandler	8	static
../startup/startup_mimxrt1062.c:861:11:CTI0_ERROR_IRQHandler	8	static
../startup/startup_mimxrt1062.c:865:11:CTI1_ERROR_IRQHandler	8	static
../startup/startup_mimxrt1062.c:869:11:CORE_IRQHandler	8	static
../startup/startup_mimxrt1062.c:873:11:LPUART1_IRQHandler	8	static
../startup/startup_mimxrt1062.c:877:11:LPUART2_IRQHandler	8	static
../startup/startup_mimxrt1062.c:881:11:LPUART3_IRQHandler	8	static
../startup/startup_mimxrt1062.c:885:11:LPUART4_IRQHandler	8	static
../startup/startup_mimxrt1062.c:889:11:LPUART5_IRQHandler	8	static
../startup/startup_mimxrt1062.c:893:11:LPUART6_IRQHandler	8	static
../startup/startup_mimxrt1062.c:897:11:LPUART7_IRQHandler	8	static
../startup/startup_mimxrt1062.c:901:11:LPUART8_IRQHandler	8	static
../startup/startup_mimxrt1062.c:905:11:LPI2C1_IRQHandler	8	static
../startup/startup_mimxrt1062.c:909:11:LPI2C2_IRQHandler	8	static
../startup/startup_mimxrt1062.c:913:11:LPI2C3_IRQHandler	8	static
../startup/startup_mimxrt1062.c:917:11:LPI2C4_IRQHandler	8	static
../startup/startup_mimxrt1062.c:921:11:LPSPI1_IRQHandler	8	static
../startup/startup_mimxrt1062.c:925:11:LPSPI2_IRQHandler	8	static
../startup/startup_mimxrt1062.c:929:11:LPSPI3_IRQHandler	8	static
../startup/startup_mimxrt1062.c:933:11:LPSPI4_IRQHandler	8	static
../startup/startup_mimxrt1062.c:937:11:CAN1_IRQHandler	8	static
../startup/startup_mimxrt1062.c:941:11:CAN2_IRQHandler	8	static
../startup/startup_mimxrt1062.c:945:11:FLEXRAM_IRQHandler	8	static
../startup/startup_mimxrt1062.c:949:11:KPP_IRQHandler	8	static
../startup/startup_mimxrt1062.c:953:11:TSC_DIG_IRQHandler	8	static
../startup/startup_mimxrt1062.c:957:11:GPR_IRQ_IRQHandler	8	static
../startup/startup_mimxrt1062.c:961:11:LCDIF_IRQHandler	8	static
../startup/startup_mimxrt1062.c:965:11:CSI_IRQHandler	8	static
../startup/startup_mimxrt1062.c:969:11:PXP_IRQHandler	8	static
../startup/startup_mimxrt1062.c:973:11:WDOG2_IRQHandler	8	static
../startup/startup_mimxrt1062.c:977:11:SNVS_HP_WRAPPER_IRQHandler	8	static
../startup/startup_mimxrt1062.c:981:11:SNVS_HP_WRAPPER_TZ_IRQHandler	8	static
../startup/startup_mimxrt1062.c:985:11:SNVS_LP_WRAPPER_IRQHandler	8	static
../startup/startup_mimxrt1062.c:989:11:CSU_IRQHandler	8	static
../startup/startup_mimxrt1062.c:993:11:DCP_IRQHandler	8	static
../startup/startup_mimxrt1062.c:997:11:DCP_VMI_IRQHandler	8	static
../startup/startup_mimxrt1062.c:1001:11:Reserved68_IRQHandler	8	static
../startup/startup_mimxrt1062.c:1005:11:TRNG_IRQHandler	8	static
../startup/startup_mimxrt1062.c:1009:11:SJC_IRQHandler	8	static
../startup/startup_mimxrt1062.c:1013:11:BEE_IRQHandler	8	static
../startup/startup_mimxrt1062.c:1017:11:SAI1_IRQHandler	8	static
../startup/startup_mimxrt1062.c:1021:11:SAI2_IRQHandler	8	static
../startup/startup_mimxrt1062.c:1025:11:SAI3_RX_IRQHandler	8	static
../startup/startup_mimxrt1062.c:1029:11:SAI3_TX_IRQHandler	8	static
../startup/startup_mimxrt1062.c:1033:11:SPDIF_IRQHandler	8	static
../startup/startup_mimxrt1062.c:1037:11:PMU_EVENT_IRQHandler	8	static
../startup/startup_mimxrt1062.c:1041:11:Reserved78_IRQHandler	8	static
../startup/startup_mimxrt1062.c:1045:11:TEMP_LOW_HIGH_IRQHandler	8	static
../startup/startup_mimxrt1062.c:1049:11:TEMP_PANIC_IRQHandler	8	static
../startup/startup_mimxrt1062.c:1053:11:USB_PHY1_IRQHandler	8	static
../startup/startup_mimxrt1062.c:1057:11:USB_PHY2_IRQHandler	8	static
../startup/startup_mimxrt1062.c:1061:11:ADC1_IRQHandler	8	static
../startup/startup_mimxrt1062.c:1065:11:ADC2_IRQHandler	8	static
../startup/startup_mimxrt1062.c:1069:11:DCDC_IRQHandler	8	static
../startup/startup_mimxrt1062.c:1073:11:Reserved86_IRQHandler	8	static
../startup/startup_mimxrt1062.c:1077:11:GPIO10_Combined_0_31_IRQHandler	8	static
../startup/startup_mimxrt1062.c:1081:11:GPIO1_INT0_IRQHandler	8	static
../startup/startup_mimxrt1062.c:1085:11:GPIO1_INT1_IRQHandler	8	static
../startup/startup_mimxrt1062.c:1089:11:GPIO1_INT2_IRQHandler	8	static
../startup/startup_mimxrt1062.c:1093:11:GPIO1_INT3_IRQHandler	8	static
../startup/startup_mimxrt1062.c:1097:11:GPIO1_INT4_IRQHandler	8	static
../startup/startup_mimxrt1062.c:1101:11:GPIO1_INT5_IRQHandler	8	static
../startup/startup_mimxrt1062.c:1105:11:GPIO1_INT6_IRQHandler	8	static
../startup/startup_mimxrt1062.c:1109:11:GPIO1_INT7_IRQHandler	8	static
../startup/startup_mimxrt1062.c:1113:11:GPIO1_Combined_0_15_IRQHandler	8	static
../startup/startup_mimxrt1062.c:1117:11:GPIO1_Combined_16_31_IRQHandler	8	static
../startup/startup_mimxrt1062.c:1121:11:GPIO2_Combined_0_15_IRQHandler	8	static
../startup/startup_mimxrt1062.c:1125:11:GPIO2_Combined_16_31_IRQHandler	8	static
../startup/startup_mimxrt1062.c:1129:11:GPIO3_Combined_0_15_IRQHandler	8	static
../startup/startup_mimxrt1062.c:1133:11:GPIO3_Combined_16_31_IRQHandler	8	static
../startup/startup_mimxrt1062.c:1137:11:GPIO4_Combined_0_15_IRQHandler	8	static
../startup/startup_mimxrt1062.c:1141:11:GPIO4_Combined_16_31_IRQHandler	8	static
../startup/startup_mimxrt1062.c:1145:11:GPIO5_Combined_0_15_IRQHandler	8	static
../startup/startup_mimxrt1062.c:1149:11:GPIO5_Combined_16_31_IRQHandler	8	static
../startup/startup_mimxrt1062.c:1153:11:FLEXIO1_IRQHandler	8	static
../startup/startup_mimxrt1062.c:1157:11:FLEXIO2_IRQHandler	8	static
../startup/startup_mimxrt1062.c:1161:11:WDOG1_IRQHandler	8	static
../startup/startup_mimxrt1062.c:1165:11:RTWDOG_IRQHandler	8	static
../startup/startup_mimxrt1062.c:1169:11:EWM_IRQHandler	8	static
../startup/startup_mimxrt1062.c:1173:11:CCM_1_IRQHandler	8	static
../startup/startup_mimxrt1062.c:1177:11:CCM_2_IRQHandler	8	static
../startup/startup_mimxrt1062.c:1181:11:GPC_IRQHandler	8	static
../startup/startup_mimxrt1062.c:1185:11:SRC_IRQHandler	8	static
../startup/startup_mimxrt1062.c:1189:11:Reserved115_IRQHandler	8	static
../startup/startup_mimxrt1062.c:1193:11:GPT1_IRQHandler	8	static
../startup/startup_mimxrt1062.c:1197:11:GPT2_IRQHandler	8	static
../startup/startup_mimxrt1062.c:1201:11:PWM1_0_IRQHandler	8	static
../startup/startup_mimxrt1062.c:1205:11:PWM1_1_IRQHandler	8	static
../startup/startup_mimxrt1062.c:1209:11:PWM1_2_IRQHandler	8	static
../startup/startup_mimxrt1062.c:1213:11:PWM1_3_IRQHandler	8	static
../startup/startup_mimxrt1062.c:1217:11:PWM1_FAULT_IRQHandler	8	static
../startup/startup_mimxrt1062.c:1221:11:FLEXSPI2_IRQHandler	8	static
../startup/startup_mimxrt1062.c:1225:11:FLEXSPI_IRQHandler	8	static
../startup/startup_mimxrt1062.c:1229:11:SEMC_IRQHandler	8	static
../startup/startup_mimxrt1062.c:1233:11:USDHC1_IRQHandler	8	static
../startup/startup_mimxrt1062.c:1237:11:USDHC2_IRQHandler	8	static
../startup/startup_mimxrt1062.c:1241:11:USB_OTG2_IRQHandler	8	static
../startup/startup_mimxrt1062.c:1245:11:USB_OTG1_IRQHandler	8	static
../startup/startup_mimxrt1062.c:1249:11:ENET_IRQHandler	8	static
../startup/startup_mimxrt1062.c:1253:11:ENET_1588_Timer_IRQHandler	8	static
../startup/startup_mimxrt1062.c:1257:11:XBAR1_IRQ_0_1_IRQHandler	8	static
../startup/startup_mimxrt1062.c:1261:11:XBAR1_IRQ_2_3_IRQHandler	8	static
../startup/startup_mimxrt1062.c:1265:11:ADC_ETC_IRQ0_IRQHandler	8	static
../startup/startup_mimxrt1062.c:1269:11:ADC_ETC_IRQ1_IRQHandler	8	static
../startup/startup_mimxrt1062.c:1273:11:ADC_ETC_IRQ2_IRQHandler	8	static
../startup/startup_mimxrt1062.c:1277:11:ADC_ETC_ERROR_IRQ_IRQHandler	8	static
../startup/startup_mimxrt1062.c:1281:11:PIT_IRQHandler	8	static
../startup/startup_mimxrt1062.c:1285:11:ACMP1_IRQHandler	8	static
../startup/startup_mimxrt1062.c:1289:11:ACMP2_IRQHandler	8	static
../startup/startup_mimxrt1062.c:1293:11:ACMP3_IRQHandler	8	static
../startup/startup_mimxrt1062.c:1297:11:ACMP4_IRQHandler	8	static
../startup/startup_mimxrt1062.c:1301:11:Reserved143_IRQHandler	8	static
../startup/startup_mimxrt1062.c:1305:11:Reserved144_IRQHandler	8	static
../startup/startup_mimxrt1062.c:1309:11:ENC1_IRQHandler	8	static
../startup/startup_mimxrt1062.c:1313:11:ENC2_IRQHandler	8	static
../startup/startup_mimxrt1062.c:1317:11:ENC3_IRQHandler	8	static
../startup/startup_mimxrt1062.c:1321:11:ENC4_IRQHandler	8	static
../startup/startup_mimxrt1062.c:1325:11:TMR1_IRQHandler	8	static
../startup/startup_mimxrt1062.c:1329:11:TMR2_IRQHandler	8	static
../startup/startup_mimxrt1062.c:1333:11:TMR3_IRQHandler	8	static
../startup/startup_mimxrt1062.c:1337:11:TMR4_IRQHandler	8	static
../startup/startup_mimxrt1062.c:1341:11:PWM2_0_IRQHandler	8	static
../startup/startup_mimxrt1062.c:1345:11:PWM2_1_IRQHandler	8	static
../startup/startup_mimxrt1062.c:1349:11:PWM2_2_IRQHandler	8	static
../startup/startup_mimxrt1062.c:1353:11:PWM2_3_IRQHandler	8	static
../startup/startup_mimxrt1062.c:1357:11:PWM2_FAULT_IRQHandler	8	static
../startup/startup_mimxrt1062.c:1361:11:PWM3_0_IRQHandler	8	static
../startup/startup_mimxrt1062.c:1365:11:PWM3_1_IRQHandler	8	static
../startup/startup_mimxrt1062.c:1369:11:PWM3_2_IRQHandler	8	static
../startup/startup_mimxrt1062.c:1373:11:PWM3_3_IRQHandler	8	static
../startup/startup_mimxrt1062.c:1377:11:PWM3_FAULT_IRQHandler	8	static
../startup/startup_mimxrt1062.c:1381:11:PWM4_0_IRQHandler	8	static
../startup/startup_mimxrt1062.c:1385:11:PWM4_1_IRQHandler	8	static
../startup/startup_mimxrt1062.c:1389:11:PWM4_2_IRQHandler	8	static
../startup/startup_mimxrt1062.c:1393:11:PWM4_3_IRQHandler	8	static
../startup/startup_mimxrt1062.c:1397:11:PWM4_FAULT_IRQHandler	8	static
../startup/startup_mimxrt1062.c:1401:11:ENET2_IRQHandler	8	static
../startup/startup_mimxrt1062.c:1405:11:ENET2_1588_Timer_IRQHandler	8	static
../startup/startup_mimxrt1062.c:1409:11:CAN3_IRQHandler	8	static
../startup/startup_mimxrt1062.c:1413:11:Reserved171_IRQHandler	8	static
../startup/startup_mimxrt1062.c:1417:11:FLEXIO3_IRQHandler	8	static
../startup/startup_mimxrt1062.c:1421:11:GPIO6_7_8_9_IRQHandler	8	static
