/root/Documents/MCUXpresso_11.8.1_1197/workspace/rt1060-evk-xpresso-baremetal-builtin/CMSIS/core_cm7.h:1911:22:__NVIC_EnableIRQ	16	static
/root/Documents/MCUXpresso_11.8.1_1197/workspace/rt1060-evk-xpresso-baremetal-builtin/CMSIS/core_cm7.h:2041:22:__NVIC_SetPriority	16	static
/root/Documents/MCUXpresso_11.8.1_1197/workspace/rt1060-evk-xpresso-baremetal-builtin/CMSIS/core_cm7.h:2259:26:SysTick_Config	16	static
/root/Documents/MCUXpresso_11.8.1_1197/workspace/rt1060-evk-xpresso-baremetal-builtin/drivers/fsl_common_arm.h:210:20:_SDK_AtomicLocalClearAndSet4Byte	48	static
/root/Documents/MCUXpresso_11.8.1_1197/workspace/rt1060-evk-xpresso-baremetal-builtin/drivers/fsl_clock.h:1496:20:CLOCK_ControlGate	32	static
/root/Documents/MCUXpresso_11.8.1_1197/workspace/rt1060-evk-xpresso-baremetal-builtin/drivers/fsl_clock.h:1513:20:CLOCK_EnableClock	16	static
/root/Documents/MCUXpresso_11.8.1_1197/workspace/rt1060-evk-xpresso-baremetal-builtin/drivers/fsl_gpio.h:176:24:GPIO_PinRead	16	static
/root/Documents/MCUXpresso_11.8.1_1197/workspace/rt1060-evk-xpresso-baremetal-builtin/drivers/fsl_iomuxc.h:1288:20:IOMUXC_SetPinMux	24	static
/root/Documents/MCUXpresso_11.8.1_1197/workspace/rt1060-evk-xpresso-baremetal-builtin/drivers/fsl_iomuxc.h:1320:20:IOMUXC_SetPinConfig	24	static
/root/Documents/MCUXpresso_11.8.1_1197/workspace/rt1060-evk-xpresso-baremetal-builtin/drivers/fsl_iomuxc.h:1340:20:IOMUXC_EnableMode	24	static
../source/hal.h:16:20:ethernet_init	24	static
../source/hal.h:60:20:test_init	24	static
../source/main.c:28:6:SysTick_Handler	4	static
../source/main.c:32:10:mg_millis	4	static
../source/main.c:36:6:mg_random	16	static
../source/main.c:40:13:timer_fn	64	static
../source/main.c:52:5:main	224	static
